тЬУ Apoli Itabakery: POI=B0K2HANSIQ, 121.432974, 31.206464, тнР 4.8, ┬е51.00
тЬУ Fine Pancake & Canteen: POI=B0L2SR6F8I, 121.453687, 31.220550, тнР 4.7, ┬е81.00
тЬУ O'mills Sourdough Bakery & Bistro: POI=B0K12LIO2V, 121.436123, 31.231053, тнР 4.5, ┬е133.00
тЬУ New York Bagelous Museum: POI=B0KDM1G2VN, 121.470555, 31.219346, тнР 4.7, ┬е37.00
тЬУ Egg Allday Brunch: POI=B0FFG75HYP, 121.449893, 31.221930, тнР 4.5, ┬е111.00
тЬУ RAC All├йe: POI=B0I3HA57SN, 121.437244, 31.231005, тнР 4.4, ┬е139.00
тЬУ LA COUR Brunch & Bistro: POI=B0I6AMX7UP, 121.453563, 31.222503, тнР 4.5, ┬е153.00
тЪа Butterful & Creamorous: no Amap URL in Airtable (skipped)
тЪа Blueglass: no Amap URL in Airtable (skipped)
тЬУ Sit! Gelato: POI=B0KUZ7PYKH, 121.460765, 31.219757, тнР 4.7, ┬е39.00
тЬУ Bebaked: POI=B0L1RXC7HQ, 121.423920, 31.220442, тнР 4.7, ┬е59.00
тЬУ Matcha Wang: POI=B0LKKMNL3N, 121.463876, 31.222861, тнР 4.6, ┬е39.00
тЬУ Capybara Cafe (Capyland): POI=B0LDFDSR99, 121.422240, 31.215323, тнР 4.4, ┬е87.00
тЬУ OPS CAFE: POI=B0FFI8BKU8, 121.450744, 31.207516, тнР 4.8, ┬е66.00
тЬУ Eau Cafe: POI=B0KDGCKJEO, 121.453163, 31.212675, тнР 4.5, ┬е53.00
тЬУ 13 de Marzo Caf├й: POI=B0JK2RZD5D, 121.435537, 31.215131, тнР 4.8, ┬е42.00
тЬУ Mahlkonig Dirty: POI=B0LUF51YXH, 121.453739, 31.212950, тнР 4.6, ┬е41.00
тЬУ Blue Bottle Coffee: POI=B0IGNCA2RB, 121.445321, 31.225735, тнР 4.7, ┬е53.00
тЬУ Starbucks Reserve Roastery: POI=B0FFIVFX5D, 121.457879, 31.232342, тнР 4.8, ┬е73.00
тЬУ Manner Coffee (North Bund): POI=B0HRCNK8E6, 121.503000, 31.254543, тнР 4.6, ┬е20.00
тЬУ REi Flower Coffee Bar: POI=B0HR0UW8F6, 121.481433, 31.246552, тнР 4.7, ┬е67.00
тЪа People's Cafe: no Amap URL in Airtable (skipped)
тЬУ Chilis Cafe & Bar: POI=B0FFM5HA7F, 121.492959, 31.237149, тнР 4.8, ┬е164.00
тЬУ Holiland Travel: POI=B0I11S6ZRL, 121.495527, 31.239222, тнР 4.7, ┬е46.00
тЬУ Nudake (HAUS NOWHERE): POI=B0H3SZKN85, 121.458178, 31.220416, тнР 4.4, ┬е113.00
тЬУ TX Huaihai: POI=B00150C2E4, 121.464460, 31.222420, тнР 4.8, ┬еN/A
тЬУ Lsoul: POI=B0LR9HQ0LD, 121.464801, 31.222619, тнР 4.2, ┬еN/A
тЬУ ToSummer: POI=B0I6BSOOFO, 121.436346, 31.210138, тнР 4.7, ┬еN/A
тЬУ Blackhead: POI=B0JDS7WGJW, 121.464427, 31.222541, тнР 4.2, ┬еN/A
тЬУ Tagi: POI=B0K1GHRT5K, 121.461105, 31.162609, тнР 4.5, ┬еN/A
тЬУ Times Remake: POI=B0JUFMQM1Y, 121.447677, 31.219874, тнР 4.4, ┬еN/A
тЬУ Super Brand Mall: POI=B00155L44U, 121.494735, 31.238765, тнР 4.8, ┬еN/A
тЬУ IAPM Mall: POI=B00156GS83, 121.453560, 31.217314, тнР 4.9, ┬еN/A
тЬУ Shanghai Village Outlet: POI=B0FFFRZIGT, 121.759991, 31.197988, тнР 4.8, ┬еN/A
тЬУ Panlong Xintiandi: POI=B0GR66UUOU, 121.271081, 31.190522, тнР 4.6, ┬е78574.00
тЬУ 1000 Trees: POI=B0FFMA0COY, 121.440892, 31.251027, тнР 4.7, ┬еN/A
тЬУ Wow Colour: POI=B0K14AU28M, 113.150589, 23.014732, тнР 3.9, ┬еN/A
тЬУ Fotografiska Shanghai: POI=B0J3ZSVRBX, 121.465080, 31.241624, тнР 4.8, ┬еN/A
тЬУ EKA Tianwu: POI=B0JA7CSG84, 121.570501, 31.264448, тнР 4.8, ┬еN/A
тЬУ M50 Art District: POI=B0FFFS173H, 121.444767, 31.249977, тнР 4.6, ┬еN/A
тЬУ 1933 Old Millfun: POI=B00155LPBC, 121.487421, 31.256543, тнР 4.6, ┬еN/A
тЬУ Shanghai Starry Art Museum: POI=B0LRJZGVOA, 121.478817, 31.238608, тнР 4.5, ┬еN/A
тЬУ LV Louis Vuitton Extraordinary Journey: POI=B0LUZ7YXUM, 121.457704, 31.231876, тнР 4.8, ┬еN/A
тЬУ Shanghai Postal Museum: POI=B00155F9RW, 121.480262, 31.246253, тнР 4.7, ┬еN/A
тЬУ St. Ignatius Cathedral: POI=B0H3TUK613, 121.431482, 31.193043, тнР 4.7, ┬еN/A
тЬУ Jing'an Temple: POI=B00154BDE9, 121.440718, 31.225384, тнР 4.8, ┬еN/A
тЬУ Yuyuan Old Street: POI=B00155IW8D, 121.486930, 31.229387, тнР 4.7, ┬еN/A
тЬУ Waibaidu Bridge: POI=B00155IL1T, 121.485592, 31.244879, тнР 4.8, ┬еN/A
тЬУ Shanghai Library East: POI=B0KAFMIC2K, 121.499241, 31.274444, тнР N/A, ┬еN/A
тЬУ Heping Library: POI=B0KAFMIC2K, 121.499241, 31.274444, тнР N/A, ┬еN/A
тЬЧ JIC Books: failed to parse p parameter from redirect chain
тЬУ OWSPACE: POI=B0JAR528XM, 113.215823, 22.936381, тнР 4.4, ┬еN/A
тЬУ Tsutaya Books (Columbia Country Club): POI=B0G2K1VSOD, 121.423024, 31.210403, тнР 4.7, ┬еN/A
тЬУ Tsutaya Bookstore (Taikoo Li): POI=B0H0ZUTZRV, 121.476835, 31.154376, тнР 4.6, ┬еN/A
тЬУ Duoyun Books (Shanghai Tower): POI=B0G0P9FUWI, 121.501149, 31.235526, тнР 4.6, ┬еN/A
тЬУ Shamei Building: POI=B0HU3CYVAY, 121.481948, 31.242812, тнР 4.6, ┬еN/A
тЬУ Magnolia Plaza - Free Observation Deck (39F): POI=B0HACZV5AL, 121.493666, 31.250947, тнР 4.7, ┬е58.00
тЬУ North Bund Green Land Elevator: POI=B0K675BSVK, 121.493395, 31.248669, тнР 4.7, ┬еN/A
тЬУ Vue Bar (Hyatt on the Bund): POI=B00156NBNM, 121.488732, 31.247339, тнР 4.5, ┬е154.00
тЪа AS By The Bund: no Amap URL in Airtable (skipped)
тЬУ The Bund No.8: POI=B0GRHPQETP, 121.487396, 31.234580, тнР 4.7, ┬е154.00
тЬУ Flair (Ritz-Carlton): POI=B00156ZL23, 121.496708, 31.238600, тнР 4.6, ┬е214.00
тЬУ Speak Low: POI=B0FFFHPCK4, 121.461383, 31.216719, тнР 4.7, ┬е192.00
тЬУ RAC Bar: POI=B0FFI9QGYS, 121.435355, 31.215167, тнР 4.7, ┬е130.00
тЪа Lisu Karting: no Amap URL in Airtable (skipped)
тЬУ Young-SPACE Hot Spring Hall: POI=B0JB6SHFIL, 121.511941, 31.219377, тнР 4.8, ┬е347.00
тЬУ 24-hour SPA - Shuiguo: POI=B0FFLITNX7, 121.309366, 31.191697, тнР 4.8, ┬е307.00
тЬУ 1886 German Car Restaurant: POI=B0FFIZ59TA, 121.492449, 31.237563, тнР 4.7, ┬е187.00
тЬУ 1192 Shanghai Old Street Food Court: POI=B0FFK21VOY, 121.522910, 31.229552, тнР 4.6, ┬еN/A
тЬУ Taste of China: POI=B0LR9UPO2Z, 121.481323, 31.237336, тнР 4.4, ┬е877.00
тЬУ Spacelab: POI=B0KKH5US63, 121.495099, 31.238713, тнР 4.6, ┬е131.00
тЬУ Warehouse No. 3 Restaurant: POI=B0J1XUS52E, 121.349906, 31.159160, тнР 4.7, ┬е158.00
тЬУ Qingxi Country Park: POI=B0LB7K2UTG, 120.992037, 31.070638, тнР 4.6, ┬еN/A
тЬУ Greenhouse (Expo Park): POI=B0IU15ZN3L, 121.470550, 31.180358, тнР 4.7, ┬еN/A
тЪа West Bund Waterfront Ice Rink: no Amap URL in Airtable (skipped)
тЪа Changning Raffles City Outdoor Ice Rink: no Amap URL in Airtable (skipped)
тЪа Panlong Tiandi Ice Rink: no Amap URL in Airtable (skipped)
тЬУ Zikawei Library: POI=B0FFMH4KQS, 121.432466, 31.192311, тнР N/A, ┬еN/A
тЬУ Polly Cafe: POI=B0KGT17TUC, 121.423284, 31.212736, тнР 4.7, ┬е51.00
тЬУ Blue Bottle Coffee: POI=B0IK6MJ311, 121.455026, 31.229729, тнР 4.7, ┬е48.00

Summary
spots with Amap URL (processed): 72
spots without Amap URL (skipped): 8
successful: 71
failed (URL parse errors): 1
